---
source: crates/aulo-voice/tests/speakable.rs
expression: "render(RU, Language::Ru)"
---
"# План\n\nЯ **починил** сборку и ничего не сломал."
=> "План. Я починил сборку и ничего не сломал."

"- первый пункт\n- второй пункт"
=> "первый пункт. второй пункт."

"Запусти:\n\n```sh\ncargo test\n```\n\nПотом посмотри на результат."
=> "Запусти: Это на экране. Потом посмотри на результат."

"Смотри [документацию](https://docs.example.ru/guide) или https://www.example.ru/page."
=> "Смотри документацию или example.ru."

"Заняло 3,14 секунды, 42% из 1234 пользователей, 1 км, 2 км, 5 км, 21 км."
=> "Заняло 3 запятая 14 секунды, 42 процента из 1234 пользователей, 1 километр, 2 километра, 5 километров, 21 километр."

"Скачано 2,5 ГБ: 1 MB, 2 MB, 5 MB, 11 MB, 22 GB, 3 min, 1 час, 100MHz, 21°C."
=> "Скачано 2 запятая 5 гигабайта: 1 мегабайт, 2 мегабайта, 5 мегабайт, 11 мегабайт, 22 гигабайта, 3 минуты, 1 час, 100 мегагерц, 21 градус Цельсия."

"Версия 1.2.3 вышла 01.05.2024 в 12:30."
=> "Версия 1.2.3 вышла 01.05.2024 в 12:30."

"Скачано 2,5 ГБ за 3 сек, 1 кг, 2 кг, 5 кг, 20 мин, 7 см, 1 м, 25 км/ч."
=> "Скачано 2 запятая 5 гигабайта за 3 секунды, 1 килограмм, 2 килограмма, 5 килограммов, 20 минут, 7 сантиметров, 1 м, 25 км/ч."
